Reusing configuration cache.
> Task :composeApp:preBuild UP-TO-DATE
> Task :composeApp:preDebugBuild UP-TO-DATE
> Task :composeApp:convertXmlValueResourcesForAndroidDebug NO-SOURCE
> Task :composeApp:copyNonXmlValueResourcesForAndroidDebug NO-SOURCE
> Task :composeApp:generateExpectResourceCollectorsForCommonMain UP-TO-DATE
> Task :composeApp:generateComposeResClass UP-TO-DATE
> Task :composeApp:convertXmlValueResourcesForAndroidMain NO-SOURCE
> Task :composeApp:checkKotlinGradlePluginConfigurationErrors SKIPPED
> Task :composeApp:generateDebugResValues UP-TO-DATE
> Task :composeApp:createDebugCompatibleScreenManifests UP-TO-DATE
> Task :composeApp:extractDeepLinksDebug UP-TO-DATE
> Task :composeApp:copyNonXmlValueResourcesForAndroidMain NO-SOURCE
> Task :composeApp:prepareComposeResourcesTaskForAndroidMain NO-SOURCE
> Task :composeApp:generateDebugResources UP-TO-DATE
> Task :composeApp:packageDebugResources UP-TO-DATE
> Task :composeApp:prepareComposeResourcesTaskForAndroidDebug NO-SOURCE
> Task :composeApp:generateResourceAccessorsForAndroidDebug NO-SOURCE
> Task :composeApp:convertXmlValueResourcesForCommonMain UP-TO-DATE
> Task :composeApp:parseDebugLocalResources UP-TO-DATE
> Task :composeApp:generateResourceAccessorsForAndroidMain NO-SOURCE
> Task :composeApp:mapDebugSourceSetPaths UP-TO-DATE
> Task :composeApp:mergeDebugResources UP-TO-DATE
> Task :composeApp:copyNonXmlValueResourcesForCommonMain UP-TO-DATE
> Task :composeApp:checkDebugAarMetadata UP-TO-DATE
> Task :composeApp:processDebugMainManifest UP-TO-DATE
> Task :composeApp:prepareComposeResourcesTaskForCommonMain UP-TO-DATE
> Task :composeApp:processDebugManifest UP-TO-DATE
> Task :composeApp:processDebugManifestForPackage UP-TO-DATE
> Task :composeApp:generateResourceAccessorsForCommonMain UP-TO-DATE
> Task :composeApp:generateActualResourceCollectorsForAndroidMain UP-TO-DATE
> Task :composeApp:processDebugResources UP-TO-DATE

> Task :composeApp:compileDebugKotlinAndroid
w: file:///C:/Users/gkhna/AndroidStudioProjects/GLOBAL%20TRADE/composeApp/src/androidMain/kotlin/com/mgacreative/globaltrade/PlatformBar.android.kt:22:20 'var statusBarColor: Int' is deprecated. Deprecated in Java.
w: file:///C:/Users/gkhna/AndroidStudioProjects/GLOBAL%20TRADE/composeApp/src/androidMain/kotlin/com/mgacreative/globaltrade/PlatformBar.android.kt:23:20 'var navigationBarColor: Int' is deprecated. Deprecated in Java.
w: file:///C:/Users/gkhna/AndroidStudioProjects/GLOBAL%20TRADE/composeApp/src/androidMain/kotlin/com/mgacreative/globaltrade/core/pdf/PdfGenerator.android.kt:14:1 'expect'/'actual' classes (including interfaces, objects, annotations, enums, and 'actual' typealiases) are in Beta. You can use -Xexpect-actual-classes flag to suppress this warning. Also see: https://youtrack.jetbrains.com/issue/KT-61573
w: file:///C:/Users/gkhna/AndroidStudioProjects/GLOBAL%20TRADE/composeApp/src/androidMain/kotlin/com/mgacreative/globaltrade/core/pdf/util/FileSaver.android.kt:7:1 'expect'/'actual' classes (including interfaces, objects, annotations, enums, and 'actual' typealiases) are in Beta. You can use -Xexpect-actual-classes flag to suppress this warning. Also see: https://youtrack.jetbrains.com/issue/KT-61573
w: file:///C:/Users/gkhna/AndroidStudioProjects/GLOBAL%20TRADE/composeApp/src/androidMain/kotlin/com/mgacreative/globaltrade/core/util/ImageResizer.kt:10:1 'expect'/'actual' classes (including interfaces, objects, annotations, enums, and 'actual' typealiases) are in Beta. You can use -Xexpect-actual-classes flag to suppress this warning. Also see: https://youtrack.jetbrains.com/issue/KT-61573
w: file:///C:/Users/gkhna/AndroidStudioProjects/GLOBAL%20TRADE/composeApp/src/androidMain/kotlin/com/mgacreative/globaltrade/manager/NotificationPreferenceManager.kt:18:1 'expect'/'actual' classes (including interfaces, objects, annotations, enums, and 'actual' typealiases) are in Beta. You can use -Xexpect-actual-classes flag to suppress this warning. Also see: https://youtrack.jetbrains.com/issue/KT-61573
w: file:///C:/Users/gkhna/AndroidStudioProjects/GLOBAL%20TRADE/composeApp/src/commonMain/kotlin/com/mgacreative/globaltrade/core/domain/b2b/CompanyService.kt:50:42 Redundant creation of Json format. Creating instances for each usage can be slow.
w: file:///C:/Users/gkhna/AndroidStudioProjects/GLOBAL%20TRADE/composeApp/src/commonMain/kotlin/com/mgacreative/globaltrade/core/pdf/PdfGenerator.kt:5:1 'expect'/'actual' classes (including interfaces, objects, annotations, enums, and 'actual' typealiases) are in Beta. You can use -Xexpect-actual-classes flag to suppress this warning. Also see: https://youtrack.jetbrains.com/issue/KT-61573
w: file:///C:/Users/gkhna/AndroidStudioProjects/GLOBAL%20TRADE/composeApp/src/commonMain/kotlin/com/mgacreative/globaltrade/core/pdf/util/FileSaver.kt:2:1 'expect'/'actual' classes (including interfaces, objects, annotations, enums, and 'actual' typealiases) are in Beta. You can use -Xexpect-actual-classes flag to suppress this warning. Also see: https://youtrack.jetbrains.com/issue/KT-61573
w: file:///C:/Users/gkhna/AndroidStudioProjects/GLOBAL%20TRADE/composeApp/src/commonMain/kotlin/com/mgacreative/globaltrade/core/util/ImageResizer.kt:2:1 'expect'/'actual' classes (including interfaces, objects, annotations, enums, and 'actual' typealiases) are in Beta. You can use -Xexpect-actual-classes flag to suppress this warning. Also see: https://youtrack.jetbrains.com/issue/KT-61573
w: file:///C:/Users/gkhna/AndroidStudioProjects/GLOBAL%20TRADE/composeApp/src/commonMain/kotlin/com/mgacreative/globaltrade/manager/NotificationPreferenceManager.kt:7:4 'expect'/'actual' classes (including interfaces, objects, annotations, enums, and 'actual' typealiases) are in Beta. You can use -Xexpect-actual-classes flag to suppress this warning. Also see: https://youtrack.jetbrains.com/issue/KT-61573
w: file:///C:/Users/gkhna/AndroidStudioProjects/GLOBAL%20TRADE/composeApp/src/commonMain/kotlin/com/mgacreative/globaltrade/test/TestKamel.kt:9:4 'fun KamelImage(resource: Resource<Painter>, contentDescription: String?, modifier: Modifier = ..., alignment: Alignment = ..., contentScale: ContentScale = ..., alpha: Float = ..., colorFilter: ColorFilter? = ..., onLoading: @Composable() ComposableFunction2<BoxScope, Float, Unit>? = ..., onFailure: @Composable() ComposableFunction2<BoxScope, Throwable, Unit>? = ..., contentAlignment: Alignment = ..., animationSpec: FiniteAnimationSpec<Float>? = ...): Unit' is deprecated. Use KamelImage with `resource: @Composable (BoxWithConstraintsScope.() -> Resource<Painter>)` instead.
w: file:///C:/Users/gkhna/AndroidStudioProjects/GLOBAL%20TRADE/composeApp/src/commonMain/kotlin/com/mgacreative/globaltrade/ui/admin/AdminConsultantScreen.kt:54:43 'val Icons.Filled.ArrowBack: ImageVector' is deprecated. Use the AutoMirrored version at Icons.AutoMirrored.Filled.ArrowBack.
w: file:///C:/Users/gkhna/AndroidStudioProjects/GLOBAL%20TRADE/composeApp/src/commonMain/kotlin/com/mgacreative/globaltrade/ui/admin/AdminDashboardScreen.kt:123:89 'val Icons.Filled.LiveHelp: ImageVector' is deprecated. Use the AutoMirrored version at Icons.AutoMirrored.Filled.LiveHelp.
w: file:///C:/Users/gkhna/AndroidStudioProjects/GLOBAL%20TRADE/composeApp/src/commonMain/kotlin/com/mgacreative/globaltrade/ui/admin/AdminSectorsScreen.kt:82:47 'val Icons.Filled.ArrowBack: ImageVector' is deprecated. Use the AutoMirrored version at Icons.AutoMirrored.Filled.ArrowBack.
w: file:///C:/Users/gkhna/AndroidStudioProjects/GLOBAL%20TRADE/composeApp/src/commonMain/kotlin/com/mgacreative/globaltrade/ui/admin/AuditLogScreen.kt:92:75 'val Icons.Filled.ArrowBack: ImageVector' is deprecated. Use the AutoMirrored version at Icons.AutoMirrored.Filled.ArrowBack.
w: file:///C:/Users/gkhna/AndroidStudioProjects/GLOBAL%20TRADE/composeApp/src/commonMain/kotlin/com/mgacreative/globaltrade/ui/admin/UserManagementScreen.kt:82:75 'val Icons.Filled.ArrowBack: ImageVector' is deprecated. Use the AutoMirrored version at Icons.AutoMirrored.Filled.ArrowBack.
w: file:///C:/Users/gkhna/AndroidStudioProjects/GLOBAL%20TRADE/composeApp/src/commonMain/kotlin/com/mgacreative/globaltrade/ui/b2b/CompanyProfileScreen.kt:68:44 'val Icons.Filled.ArrowBack: ImageVector' is deprecated. Use the AutoMirrored version at Icons.AutoMirrored.Filled.ArrowBack.
w: file:///C:/Users/gkhna/AndroidStudioProjects/GLOBAL%20TRADE/composeApp/src/commonMain/kotlin/com/mgacreative/globaltrade/ui/b2b/CompanyProfileScreen.kt:138:37 'fun KamelImage(resource: Resource<Painter>, contentDescription: String?, modifier: Modifier = ..., alignment: Alignment = ..., contentScale: ContentScale = ..., alpha: Float = ..., colorFilter: ColorFilter? = ..., onLoading: @Composable() ComposableFunction2<BoxScope, Float, Unit>? = ..., onFailure: @Composable() ComposableFunction2<BoxScope, Throwable, Unit>? = ..., contentAlignment: Alignment = ..., animationSpec: FiniteAnimationSpec<Float>? = ...): Unit' is deprecated. Use KamelImage with `resource: @Composable (BoxWithConstraintsScope.() -> Resource<Painter>)` instead.
w: file:///C:/Users/gkhna/AndroidStudioProjects/GLOBAL%20TRADE/composeApp/src/commonMain/kotlin/com/mgacreative/globaltrade/ui/b2b/CompanyProfileScreen.kt:302:48 'val Icons.Filled.Message: ImageVector' is deprecated. Use the AutoMirrored version at Icons.AutoMirrored.Filled.Message.
w: file:///C:/Users/gkhna/AndroidStudioProjects/GLOBAL%20TRADE/composeApp/src/commonMain/kotlin/com/mgacreative/globaltrade/ui/components/MarketplaceProductCard.kt:59:52 'val Icons.Filled.OpenInNew: ImageVector' is deprecated. Use the AutoMirrored version at Icons.AutoMirrored.Filled.OpenInNew.
w: file:///C:/Users/gkhna/AndroidStudioProjects/GLOBAL%20TRADE/composeApp/src/commonMain/kotlin/com/mgacreative/globaltrade/ui/components/MarketplaceProductCard.kt:118:52 'val Icons.Filled.OpenInNew: ImageVector' is deprecated. Use the AutoMirrored version at Icons.AutoMirrored.Filled.OpenInNew.
w: file:///C:/Users/gkhna/AndroidStudioProjects/GLOBAL%20TRADE/composeApp/src/commonMain/kotlin/com/mgacreative/globaltrade/ui/components/MatchCard.kt:92:50 'val Icons.Filled.TrendingUp: ImageVector' is deprecated. Use the AutoMirrored version at Icons.AutoMirrored.Filled.TrendingUp.
w: file:///C:/Users/gkhna/AndroidStudioProjects/GLOBAL%20TRADE/composeApp/src/commonMain/kotlin/com/mgacreative/globaltrade/ui/components/ProductCard.kt:67:29 'fun KamelImage(resource: Resource<Painter>, contentDescription: String?, modifier: Modifier = ..., alignment: Alignment = ..., contentScale: ContentScale = ..., alpha: Float = ..., colorFilter: ColorFilter? = ..., onLoading: @Composable() ComposableFunction2<BoxScope, Float, Unit>? = ..., onFailure: @Composable() ComposableFunction2<BoxScope, Throwable, Unit>? = ..., contentAlignment: Alignment = ..., animationSpec: FiniteAnimationSpec<Float>? = ...): Unit' is deprecated. Use KamelImage with `resource: @Composable (BoxWithConstraintsScope.() -> Resource<Painter>)` instead.
w: file:///C:/Users/gkhna/AndroidStudioProjects/GLOBAL%20TRADE/composeApp/src/commonMain/kotlin/com/mgacreative/globaltrade/ui/components/ProductCard.kt:76:25 'fun KamelImage(resource: Resource<Painter>, contentDescription: String?, modifier: Modifier = ..., alignment: Alignment = ..., contentScale: ContentScale = ..., alpha: Float = ..., colorFilter: ColorFilter? = ..., onLoading: @Composable() ComposableFunction2<BoxScope, Float, Unit>? = ..., onFailure: @Composable() ComposableFunction2<BoxScope, Throwable, Unit>? = ..., contentAlignment: Alignment = ..., animationSpec: FiniteAnimationSpec<Float>? = ...): Unit' is deprecated. Use KamelImage with `resource: @Composable (BoxWithConstraintsScope.() -> Resource<Painter>)` instead.
w: file:///C:/Users/gkhna/AndroidStudioProjects/GLOBAL%20TRADE/composeApp/src/commonMain/kotlin/com/mgacreative/globaltrade/ui/consultancy/ConsultantScreen.kt:48:43 'val Icons.Filled.ArrowBack: ImageVector' is deprecated. Use the AutoMirrored version at Icons.AutoMirrored.Filled.ArrowBack.
w: file:///C:/Users/gkhna/AndroidStudioProjects/GLOBAL%20TRADE/composeApp/src/commonMain/kotlin/com/mgacreative/globaltrade/ui/consultancy/ConsultantScreen.kt:153:39 'val Icons.Filled.Message: ImageVector' is deprecated. Use the AutoMirrored version at Icons.AutoMirrored.Filled.Message.
w: file:///C:/Users/gkhna/AndroidStudioProjects/GLOBAL%20TRADE/composeApp/src/commonMain/kotlin/com/mgacreative/globaltrade/ui/education/CertificateScreen.kt:63:44 'val Icons.Filled.ArrowBack: ImageVector' is deprecated. Use the AutoMirrored version at Icons.AutoMirrored.Filled.ArrowBack.
w: file:///C:/Users/gkhna/AndroidStudioProjects/GLOBAL%20TRADE/composeApp/src/commonMain/kotlin/com/mgacreative/globaltrade/ui/home/MainHomeScreen.kt:456:39 'val Icons.Filled.ArrowForward: ImageVector' is deprecated. Use the AutoMirrored version at Icons.AutoMirrored.Filled.ArrowForward.
w: file:///C:/Users/gkhna/AndroidStudioProjects/GLOBAL%20TRADE/composeApp/src/commonMain/kotlin/com/mgacreative/globaltrade/ui/home/MainHomeScreen.kt:485:32 'fun KamelImage(resource: Resource<Painter>, contentDescription: String?, modifier: Modifier = ..., alignment: Alignment = ..., contentScale: ContentScale = ..., alpha: Float = ..., colorFilter: ColorFilter? = ..., onLoading: @Composable() ComposableFunction2<BoxScope, Float, Unit>? = ..., onFailure: @Composable() ComposableFunction2<BoxScope, Throwable, Unit>? = ..., contentAlignment: Alignment = ..., animationSpec: FiniteAnimationSpec<Float>? = ...): Unit' is deprecated. Use KamelImage with `resource: @Composable (BoxWithConstraintsScope.() -> Resource<Painter>)` instead.
w: file:///C:/Users/gkhna/AndroidStudioProjects/GLOBAL%20TRADE/composeApp/src/commonMain/kotlin/com/mgacreative/globaltrade/ui/home/MainHomeScreen.kt:493:28 'fun KamelImage(resource: Resource<Painter>, contentDescription: String?, modifier: Modifier = ..., alignment: Alignment = ..., contentScale: ContentScale = ..., alpha: Float = ..., colorFilter: ColorFilter? = ..., onLoading: @Composable() ComposableFunction2<BoxScope, Float, Unit>? = ..., onFailure: @Composable() ComposableFunction2<BoxScope, Throwable, Unit>? = ..., contentAlignment: Alignment = ..., animationSpec: FiniteAnimationSpec<Float>? = ...): Unit' is deprecated. Use KamelImage with `resource: @Composable (BoxWithConstraintsScope.() -> Resource<Painter>)` instead.
w: file:///C:/Users/gkhna/AndroidStudioProjects/GLOBAL%20TRADE/composeApp/src/commonMain/kotlin/com/mgacreative/globaltrade/ui/marketplace/MarketplaceScreen.kt:170:35 'val Icons.Filled.ExitToApp: ImageVector' is deprecated. Use the AutoMirrored version at Icons.AutoMirrored.Filled.ExitToApp.
w: file:///C:/Users/gkhna/AndroidStudioProjects/GLOBAL%20TRADE/composeApp/src/commonMain/kotlin/com/mgacreative/globaltrade/ui/navigation/Screen.kt:17:74 'val Icons.Filled.Login: ImageVector' is deprecated. Use the AutoMirrored version at Icons.AutoMirrored.Filled.Login.
w: file:///C:/Users/gkhna/AndroidStudioProjects/GLOBAL%20TRADE/composeApp/src/commonMain/kotlin/com/mgacreative/globaltrade/ui/navigation/Screen.kt:31:84 'val Icons.Filled.Help: ImageVector' is deprecated. Use the AutoMirrored version at Icons.AutoMirrored.Filled.Help.
w: file:///C:/Users/gkhna/AndroidStudioProjects/GLOBAL%20TRADE/composeApp/src/commonMain/kotlin/com/mgacreative/globaltrade/ui/navigation/Screen.kt:35:90 'val Icons.Filled.Article: ImageVector' is deprecated. Use the AutoMirrored version at Icons.AutoMirrored.Filled.Article.
w: file:///C:/Users/gkhna/AndroidStudioProjects/GLOBAL%20TRADE/composeApp/src/commonMain/kotlin/com/mgacreative/globaltrade/ui/navigation/Screen.kt:55:95 'val Icons.Filled.LiveHelp: ImageVector' is deprecated. Use the AutoMirrored version at Icons.AutoMirrored.Filled.LiveHelp.
w: file:///C:/Users/gkhna/AndroidStudioProjects/GLOBAL%20TRADE/composeApp/src/commonMain/kotlin/com/mgacreative/globaltrade/ui/news/EconomicNewsScreen.kt:132:43 'val Icons.Filled.ArrowBack: ImageVector' is deprecated. Use the AutoMirrored version at Icons.AutoMirrored.Filled.ArrowBack.
w: file:///C:/Users/gkhna/AndroidStudioProjects/GLOBAL%20TRADE/composeApp/src/commonMain/kotlin/com/mgacreative/globaltrade/ui/news/EconomicNewsScreen.kt:180:50 'val Icons.Filled.Article: ImageVector' is deprecated. Use the AutoMirrored version at Icons.AutoMirrored.Filled.Article.
w: file:///C:/Users/gkhna/AndroidStudioProjects/GLOBAL%20TRADE/composeApp/src/commonMain/kotlin/com/mgacreative/globaltrade/ui/news/EconomicNewsScreen.kt:247:16 'fun KamelImage(resource: Resource<Painter>, contentDescription: String?, modifier: Modifier = ..., alignment: Alignment = ..., contentScale: ContentScale = ..., alpha: Float = ..., colorFilter: ColorFilter? = ..., onLoading: @Composable() ComposableFunction2<BoxScope, Float, Unit>? = ..., onFailure: @Composable() ComposableFunction2<BoxScope, Throwable, Unit>? = ..., contentAlignment: Alignment = ..., animationSpec: FiniteAnimationSpec<Float>? = ...): Unit' is deprecated. Use KamelImage with `resource: @Composable (BoxWithConstraintsScope.() -> Resource<Painter>)` instead.
w: file:///C:/Users/gkhna/AndroidStudioProjects/GLOBAL%20TRADE/composeApp/src/commonMain/kotlin/com/mgacreative/globaltrade/ui/news/NewsDetailScreen.kt:45:43 'val Icons.Filled.ArrowBack: ImageVector' is deprecated. Use the AutoMirrored version at Icons.AutoMirrored.Filled.ArrowBack.
w: file:///C:/Users/gkhna/AndroidStudioProjects/GLOBAL%20TRADE/composeApp/src/commonMain/kotlin/com/mgacreative/globaltrade/ui/news/NewsDetailScreen.kt:82:20 'fun KamelImage(resource: Resource<Painter>, contentDescription: String?, modifier: Modifier = ..., alignment: Alignment = ..., contentScale: ContentScale = ..., alpha: Float = ..., colorFilter: ColorFilter? = ..., onLoading: @Composable() ComposableFunction2<BoxScope, Float, Unit>? = ..., onFailure: @Composable() ComposableFunction2<BoxScope, Throwable, Unit>? = ..., contentAlignment: Alignment = ..., animationSpec: FiniteAnimationSpec<Float>? = ...): Unit' is deprecated. Use KamelImage with `resource: @Composable (BoxWithConstraintsScope.() -> Resource<Painter>)` instead.
w: file:///C:/Users/gkhna/AndroidStudioProjects/GLOBAL%20TRADE/composeApp/src/commonMain/kotlin/com/mgacreative/globaltrade/ui/screens/CompanySettingsScreen.kt:173:33 'fun KamelImage(resource: Resource<Painter>, contentDescription: String?, modifier: Modifier = ..., alignment: Alignment = ..., contentScale: ContentScale = ..., alpha: Float = ..., colorFilter: ColorFilter? = ..., onLoading: @Composable() ComposableFunction2<BoxScope, Float, Unit>? = ..., onFailure: @Composable() ComposableFunction2<BoxScope, Throwable, Unit>? = ..., contentAlignment: Alignment = ..., animationSpec: FiniteAnimationSpec<Float>? = ...): Unit' is deprecated. Use KamelImage with `resource: @Composable (BoxWithConstraintsScope.() -> Resource<Painter>)` instead.
w: file:///C:/Users/gkhna/AndroidStudioProjects/GLOBAL%20TRADE/composeApp/src/commonMain/kotlin/com/mgacreative/globaltrade/ui/screens/HelpCenterScreen.kt:87:42 'val Icons.Filled.HelpOutline: ImageVector' is deprecated. Use the AutoMirrored version at Icons.AutoMirrored.Filled.HelpOutline.
w: file:///C:/Users/gkhna/AndroidStudioProjects/GLOBAL%20TRADE/composeApp/src/commonMain/kotlin/com/mgacreative/globaltrade/ui/screens/ProductManagementScreen.kt:184:37 'fun KamelImage(resource: Resource<Painter>, contentDescription: String?, modifier: Modifier = ..., alignment: Alignment = ..., contentScale: ContentScale = ..., alpha: Float = ..., colorFilter: ColorFilter? = ..., onLoading: @Composable() ComposableFunction2<BoxScope, Float, Unit>? = ..., onFailure: @Composable() ComposableFunction2<BoxScope, Throwable, Unit>? = ..., contentAlignment: Alignment = ..., animationSpec: FiniteAnimationSpec<Float>? = ...): Unit' is deprecated. Use KamelImage with `resource: @Composable (BoxWithConstraintsScope.() -> Resource<Painter>)` instead.
w: file:///C:/Users/gkhna/AndroidStudioProjects/GLOBAL%20TRADE/composeApp/src/commonMain/kotlin/com/mgacreative/globaltrade/ui/screens/ProfileScreen.kt:170:97 'val Icons.Filled.Help: ImageVector' is deprecated. Use the AutoMirrored version at Icons.AutoMirrored.Filled.Help.
w: file:///C:/Users/gkhna/AndroidStudioProjects/GLOBAL%20TRADE/composeApp/src/commonMain/kotlin/com/mgacreative/globaltrade/ui/screens/ProfileScreen.kt:251:21 'fun KamelImage(resource: Resource<Painter>, contentDescription: String?, modifier: Modifier = ..., alignment: Alignment = ..., contentScale: ContentScale = ..., alpha: Float = ..., colorFilter: ColorFilter? = ..., onLoading: @Composable() ComposableFunction2<BoxScope, Float, Unit>? = ..., onFailure: @Composable() ComposableFunction2<BoxScope, Throwable, Unit>? = ..., contentAlignment: Alignment = ..., animationSpec: FiniteAnimationSpec<Float>? = ...): Unit' is deprecated. Use KamelImage with `resource: @Composable (BoxWithConstraintsScope.() -> Resource<Painter>)` instead.
w: file:///C:/Users/gkhna/AndroidStudioProjects/GLOBAL%20TRADE/composeApp/src/commonMain/kotlin/com/mgacreative/globaltrade/ui/screens/ProfileScreen.kt:328:45 'val Icons.Filled.KeyboardArrowRight: ImageVector' is deprecated. Use the AutoMirrored version at Icons.AutoMirrored.Filled.KeyboardArrowRight.
w: file:///C:/Users/gkhna/AndroidStudioProjects/GLOBAL%20TRADE/composeApp/src/commonMain/kotlin/com/mgacreative/globaltrade/ui/showroom/ProductDetailScreen.kt:127:32 'fun KamelImage(resource: Resource<Painter>, contentDescription: String?, modifier: Modifier = ..., alignment: Alignment = ..., contentScale: ContentScale = ..., alpha: Float = ..., colorFilter: ColorFilter? = ..., onLoading: @Composable() ComposableFunction2<BoxScope, Float, Unit>? = ..., onFailure: @Composable() ComposableFunction2<BoxScope, Throwable, Unit>? = ..., contentAlignment: Alignment = ..., animationSpec: FiniteAnimationSpec<Float>? = ...): Unit' is deprecated. Use KamelImage with `resource: @Composable (BoxWithConstraintsScope.() -> Resource<Painter>)` instead.
w: file:///C:/Users/gkhna/AndroidStudioProjects/GLOBAL%20TRADE/composeApp/src/commonMain/kotlin/com/mgacreative/globaltrade/ui/showroom/ProductDetailScreen.kt:135:28 'fun KamelImage(resource: Resource<Painter>, contentDescription: String?, modifier: Modifier = ..., alignment: Alignment = ..., contentScale: ContentScale = ..., alpha: Float = ..., colorFilter: ColorFilter? = ..., onLoading: @Composable() ComposableFunction2<BoxScope, Float, Unit>? = ..., onFailure: @Composable() ComposableFunction2<BoxScope, Throwable, Unit>? = ..., contentAlignment: Alignment = ..., animationSpec: FiniteAnimationSpec<Float>? = ...): Unit' is deprecated. Use KamelImage with `resource: @Composable (BoxWithConstraintsScope.() -> Resource<Painter>)` instead.
w: file:///C:/Users/gkhna/AndroidStudioProjects/GLOBAL%20TRADE/composeApp/src/commonMain/kotlin/com/mgacreative/globaltrade/ui/showroom/ShowroomScreen.kt:231:33 'fun KamelImage(resource: Resource<Painter>, contentDescription: String?, modifier: Modifier = ..., alignment: Alignment = ..., contentScale: ContentScale = ..., alpha: Float = ..., colorFilter: ColorFilter? = ..., onLoading: @Composable() ComposableFunction2<BoxScope, Float, Unit>? = ..., onFailure: @Composable() ComposableFunction2<BoxScope, Throwable, Unit>? = ..., contentAlignment: Alignment = ..., animationSpec: FiniteAnimationSpec<Float>? = ...): Unit' is deprecated. Use KamelImage with `resource: @Composable (BoxWithConstraintsScope.() -> Resource<Painter>)` instead.
w: file:///C:/Users/gkhna/AndroidStudioProjects/GLOBAL%20TRADE/composeApp/src/commonMain/kotlin/com/mgacreative/globaltrade/ui/showroom/ShowroomScreen.kt:239:29 'fun KamelImage(resource: Resource<Painter>, contentDescription: String?, modifier: Modifier = ..., alignment: Alignment = ..., contentScale: ContentScale = ..., alpha: Float = ..., colorFilter: ColorFilter? = ..., onLoading: @Composable() ComposableFunction2<BoxScope, Float, Unit>? = ..., onFailure: @Composable() ComposableFunction2<BoxScope, Throwable, Unit>? = ..., contentAlignment: Alignment = ..., animationSpec: FiniteAnimationSpec<Float>? = ...): Unit' is deprecated. Use KamelImage with `resource: @Composable (BoxWithConstraintsScope.() -> Resource<Painter>)` instead.

BUILD SUCCESSFUL in 18s
21 actionable tasks: 1 executed, 20 up-to-date
Configuration cache entry reused.
